2026-09-09 18:50:10,909 | INFO | Starting experiment: dataset=ISIC2019 model=HybridCNN_GWO_Run1 hybrid=True lr=0.0012351628680148583 batch_size=32 seed=42
2026-09-09 18:50:12,450 | INFO | Model built: total_params=7428904 trainable_params=7428904
2026-09-09 18:51:06,474 | ERROR | Training failed for ISIC2019/HybridCNN_GWO_Run1: CUDA out of memory. Tried to allocate 1.53 GiB. GPU 0 has a total capacity of 12.00 GiB of which 0 bytes is free. Of the allocated memory 25.27 GiB is allocated by PyTorch, and 1.15 GiB is reserved by PyTorch but unallocated. If reserved but unallocated memory is large try setting PYTORCH_CUDA_ALLOC_CONF=expandable_segments:True to avoid fragmentation.  See documentation for Memory Management  (https://pytorch.org/docs/stable/notes/cuda.html#environment-variables)
Traceback (most recent call last):
  File "c:\Users\emirh\Desktop\Projects\CNN-Hyperparameter-Optimization-GWO\scripts\run_final_experiments.py", line 335, in run_single_experiment
    model, history, best_val_acc, best_epoch, train_time = train_model(
                                                           ~~~~~~~~~~~^
        model,
        ^^^^^^
    ...<7 lines>...
        checkpoint_path=os.path.join(run_dir, "best_model.pth"),
        ^^^^^^^^^^^^^^^^^^^^^^^^^^^^^^^^^^^^^^^^^^^^^^^^^^^^^^^^
    )
    ^
  File "c:\Users\emirh\Desktop\Projects\CNN-Hyperparameter-Optimization-GWO\experiment_runner.py", line 181, in train_model
    train_loss, train_accuracy = train_one_epoch(model, train_loader, optimizer, device, criterion)
                                 ~~~~~~~~~~~~~~~^^^^^^^^^^^^^^^^^^^^^^^^^^^^^^^^^^^^^^^^^^^^^^^^^^^
  File "c:\Users\emirh\Desktop\Projects\CNN-Hyperparameter-Optimization-GWO\metrics.py", line 20, in train_one_epoch
    loss.backward()
    ~~~~~~~~~~~~~^^
  File "C:\Users\emirh\anaconda3\envs\pytorch-v1\Lib\site-packages\torch\_tensor.py", line 625, in backward
    torch.autograd.backward(
    ~~~~~~~~~~~~~~~~~~~~~~~^
        self, gradient, retain_graph, create_graph, inputs=inputs
        ^^^^^^^^^^^^^^^^^^^^^^^^^^^^^^^^^^^^^^^^^^^^^^^^^^^^^^^^^
    )
    ^
  File "C:\Users\emirh\anaconda3\envs\pytorch-v1\Lib\site-packages\torch\autograd\__init__.py", line 354, in backward
    _engine_run_backward(
    ~~~~~~~~~~~~~~~~~~~~^
        tensors,
        ^^^^^^^^
    ...<5 lines>...
        accumulate_grad=True,
        ^^^^^^^^^^^^^^^^^^^^^
    )
    ^
  File "C:\Users\emirh\anaconda3\envs\pytorch-v1\Lib\site-packages\torch\autograd\graph.py", line 841, in _engine_run_backward
    return Variable._execution_engine.run_backward(  # Calls into the C++ engine to run the backward pass
           ~~~~~~~~~~~~~~~~~~~~~~~~~~~~~~~~~~~~~~~^^^^^^^^^^^^^^^^^^^^^^^^^^^^^^^^^^^^^^^^^^^^^^^^^^^^^^^
        t_outputs, *args, **kwargs
        ^^^^^^^^^^^^^^^^^^^^^^^^^^
    )  # Calls into the C++ engine to run the backward pass
    ^
torch.OutOfMemoryError: CUDA out of memory. Tried to allocate 1.53 GiB. GPU 0 has a total capacity of 12.00 GiB of which 0 bytes is free. Of the allocated memory 25.27 GiB is allocated by PyTorch, and 1.15 GiB is reserved by PyTorch but unallocated. If reserved but unallocated memory is large try setting PYTORCH_CUDA_ALLOC_CONF=expandable_segments:True to avoid fragmentation.  See documentation for Memory Management  (https://pytorch.org/docs/stable/notes/cuda.html#environment-variables)
2026-09-11 16:13:16,322 | INFO | Starting experiment: dataset=ISIC2019 model=HybridCNN_GWO_Run1 hybrid=True lr=0.0012351628680148583 batch_size=32 seed=42
2026-09-11 16:13:20,553 | INFO | Model built: total_params=7428904 trainable_params=7428904
2026-09-15 16:34:21,128 | INFO | Starting experiment: dataset=ISIC2019 model=HybridCNN_GWO_Run1 hybrid=True lr=0.001 batch_size=8 seed=42
2026-09-15 16:34:22,869 | INFO | Attempt bs=8: Model built: total_params=7428904 trainable_params=7428904
