2026-09-10 10:31:38,538 | INFO | Starting experiment: dataset=BrainTumor model=HybridCNN_WOA_Run3 hybrid=True lr=0.0014188144847256917 batch_size=32 seed=42
2026-09-10 10:31:40,048 | INFO | Model built: total_params=7410884 trainable_params=7410884
2026-09-10 10:32:40,070 | ERROR | Training failed for BrainTumor/HybridCNN_WOA_Run3: CUDA out of memory. Tried to allocate 1.53 GiB. GPU 0 has a total capacity of 12.00 GiB of which 0 bytes is free. Of the allocated memory 23.30 GiB is allocated by PyTorch, and 2.70 GiB is reserved by PyTorch but unallocated. If reserved but unallocated memory is large try setting PYTORCH_CUDA_ALLOC_CONF=expandable_segments:True to avoid fragmentation.  See documentation for Memory Management  (https://pytorch.org/docs/stable/notes/cuda.html#environment-variables)
Traceback (most recent call last):
  File "c:\Users\emirh\Desktop\Projects\CNN-Hyperparameter-Optimization-GWO\scripts\run_final_experiments.py", line 335, in run_single_experiment
    model, history, best_val_acc, best_epoch, train_time = train_model(
                                                           ~~~~~~~~~~~^
        model,
        ^^^^^^
    ...<7 lines>...
        checkpoint_path=os.path.join(run_dir, "best_model.pth"),
        ^^^^^^^^^^^^^^^^^^^^^^^^^^^^^^^^^^^^^^^^^^^^^^^^^^^^^^^^
    )
    ^
  File "c:\Users\emirh\Desktop\Projects\CNN-Hyperparameter-Optimization-GWO\experiment_runner.py", line 181, in train_model
    train_loss, train_accuracy = train_one_epoch(model, train_loader, optimizer, device, criterion)
                                 ~~~~~~~~~~~~~~~^^^^^^^^^^^^^^^^^^^^^^^^^^^^^^^^^^^^^^^^^^^^^^^^^^^
  File "c:\Users\emirh\Desktop\Projects\CNN-Hyperparameter-Optimization-GWO\metrics.py", line 20, in train_one_epoch
    loss.backward()
    ~~~~~~~~~~~~~^^
  File "C:\Users\emirh\anaconda3\envs\pytorch-v1\Lib\site-packages\torch\_tensor.py", line 625, in backward
    torch.autograd.backward(
    ~~~~~~~~~~~~~~~~~~~~~~~^
        self, gradient, retain_graph, create_graph, inputs=inputs
        ^^^^^^^^^^^^^^^^^^^^^^^^^^^^^^^^^^^^^^^^^^^^^^^^^^^^^^^^^
    )
    ^
  File "C:\Users\emirh\anaconda3\envs\pytorch-v1\Lib\site-packages\torch\autograd\__init__.py", line 354, in backward
    _engine_run_backward(
    ~~~~~~~~~~~~~~~~~~~~^
        tensors,
        ^^^^^^^^
    ...<5 lines>...
        accumulate_grad=True,
        ^^^^^^^^^^^^^^^^^^^^^
    )
    ^
  File "C:\Users\emirh\anaconda3\envs\pytorch-v1\Lib\site-packages\torch\autograd\graph.py", line 841, in _engine_run_backward
    return Variable._execution_engine.run_backward(  # Calls into the C++ engine to run the backward pass
           ~~~~~~~~~~~~~~~~~~~~~~~~~~~~~~~~~~~~~~~^^^^^^^^^^^^^^^^^^^^^^^^^^^^^^^^^^^^^^^^^^^^^^^^^^^^^^^
        t_outputs, *args, **kwargs
        ^^^^^^^^^^^^^^^^^^^^^^^^^^
    )  # Calls into the C++ engine to run the backward pass
    ^
torch.OutOfMemoryError: CUDA out of memory. Tried to allocate 1.53 GiB. GPU 0 has a total capacity of 12.00 GiB of which 0 bytes is free. Of the allocated memory 23.30 GiB is allocated by PyTorch, and 2.70 GiB is reserved by PyTorch but unallocated. If reserved but unallocated memory is large try setting PYTORCH_CUDA_ALLOC_CONF=expandable_segments:True to avoid fragmentation.  See documentation for Memory Management  (https://pytorch.org/docs/stable/notes/cuda.html#environment-variables)
