2026-09-09 17:04:24,637 | INFO | Starting experiment: dataset=CIFAR10 model=efficientnet-b0 hybrid=False lr=0.0012351628680148583 batch_size=32 seed=42
2026-09-09 17:04:25,861 | INFO | Model built: total_params=4020358 trainable_params=4020358
2026-09-09 17:05:26,767 | INFO | epoch=1 train_loss=1.838829 train_acc=0.327511 val_loss=1.679619 val_acc=0.393800
2026-09-09 17:06:25,883 | INFO | epoch=2 train_loss=1.549578 train_acc=0.432800 val_loss=1.422384 val_acc=0.475000
2026-09-09 17:07:24,787 | INFO | epoch=3 train_loss=1.470014 train_acc=0.470089 val_loss=1.503412 val_acc=0.454400
2026-09-09 17:08:23,487 | INFO | epoch=4 train_loss=1.423032 train_acc=0.483267 val_loss=1.220034 val_acc=0.570600
2026-09-09 17:09:22,069 | INFO | epoch=5 train_loss=1.372980 train_acc=0.510156 val_loss=1.355019 val_acc=0.513200
2026-09-09 17:10:25,736 | INFO | epoch=6 train_loss=1.351792 train_acc=0.516689 val_loss=1.229318 val_acc=0.563400
2026-09-09 17:11:25,166 | INFO | epoch=7 train_loss=1.214070 train_acc=0.566200 val_loss=2.146895 val_acc=0.565600
2026-09-09 17:12:24,615 | INFO | epoch=8 train_loss=1.284789 train_acc=0.537733 val_loss=1.799858 val_acc=0.518000
2026-09-09 17:13:23,804 | INFO | epoch=9 train_loss=1.268025 train_acc=0.548467 val_loss=1.071757 val_acc=0.618600
2026-09-09 17:14:22,786 | INFO | epoch=10 train_loss=1.263298 train_acc=0.550533 val_loss=1.305063 val_acc=0.552200
2026-09-09 17:15:21,368 | INFO | epoch=11 train_loss=1.191252 train_acc=0.574244 val_loss=1.070671 val_acc=0.613400
2026-09-09 17:16:23,679 | INFO | epoch=12 train_loss=1.114647 train_acc=0.606689 val_loss=1.042923 val_acc=0.633600
2026-09-09 17:17:22,479 | INFO | epoch=13 train_loss=1.166181 train_acc=0.589956 val_loss=1.065795 val_acc=0.618600
2026-09-09 17:18:21,003 | INFO | epoch=14 train_loss=1.066534 train_acc=0.624133 val_loss=1.111691 val_acc=0.628200
2026-09-09 17:19:19,554 | INFO | epoch=15 train_loss=1.150580 train_acc=0.593844 val_loss=1.091296 val_acc=0.617000
2026-09-09 17:20:18,693 | INFO | epoch=16 train_loss=1.063954 train_acc=0.623022 val_loss=0.950474 val_acc=0.666000
2026-09-09 17:21:17,993 | INFO | epoch=17 train_loss=1.096362 train_acc=0.613622 val_loss=1.393140 val_acc=0.517600
2026-09-09 17:22:16,670 | INFO | epoch=18 train_loss=1.120791 train_acc=0.603756 val_loss=1.187900 val_acc=0.611000
2026-09-09 17:23:15,479 | INFO | epoch=19 train_loss=1.079245 train_acc=0.620133 val_loss=1.234165 val_acc=0.615000
2026-09-09 17:24:14,038 | INFO | epoch=20 train_loss=1.222972 train_acc=0.566911 val_loss=1.153455 val_acc=0.602800
2026-09-09 17:25:12,661 | INFO | epoch=21 train_loss=1.146179 train_acc=0.596756 val_loss=1.185330 val_acc=0.597800
2026-09-09 17:26:11,384 | INFO | epoch=22 train_loss=1.049088 train_acc=0.629933 val_loss=0.996433 val_acc=0.650800
2026-09-09 17:27:09,964 | INFO | epoch=23 train_loss=0.942846 train_acc=0.668200 val_loss=0.936995 val_acc=0.663400
2026-09-09 17:28:08,505 | INFO | epoch=24 train_loss=0.873893 train_acc=0.690822 val_loss=0.893552 val_acc=0.689000
2026-09-09 17:29:07,874 | INFO | epoch=25 train_loss=0.926851 train_acc=0.672956 val_loss=0.949285 val_acc=0.672600
2026-09-09 17:30:06,539 | INFO | epoch=26 train_loss=0.840712 train_acc=0.706622 val_loss=0.892924 val_acc=0.685400
2026-09-09 17:31:05,127 | INFO | epoch=27 train_loss=0.828610 train_acc=0.710689 val_loss=0.888722 val_acc=0.692200
2026-09-09 17:32:03,870 | INFO | epoch=28 train_loss=0.808970 train_acc=0.715644 val_loss=0.933430 val_acc=0.700400
2026-09-09 17:33:02,507 | INFO | epoch=29 train_loss=0.762060 train_acc=0.733844 val_loss=0.809720 val_acc=0.710600
2026-09-09 17:34:01,242 | INFO | epoch=30 train_loss=0.738796 train_acc=0.739644 val_loss=0.851338 val_acc=0.708000
2026-09-09 17:34:59,942 | INFO | epoch=31 train_loss=0.737308 train_acc=0.739756 val_loss=1.565549 val_acc=0.711000
2026-09-09 17:35:58,776 | INFO | epoch=32 train_loss=0.753385 train_acc=0.735244 val_loss=1.365267 val_acc=0.708600
2026-09-09 17:36:57,435 | INFO | epoch=33 train_loss=0.717737 train_acc=0.748156 val_loss=1.095157 val_acc=0.711600
2026-09-09 17:37:56,285 | INFO | epoch=34 train_loss=0.683387 train_acc=0.759689 val_loss=0.880319 val_acc=0.720800
2026-09-09 17:38:55,040 | INFO | epoch=35 train_loss=0.645258 train_acc=0.774889 val_loss=1.105248 val_acc=0.711800
2026-09-09 17:39:53,718 | INFO | epoch=36 train_loss=0.709471 train_acc=0.751578 val_loss=1.331615 val_acc=0.694400
2026-09-09 17:40:53,142 | INFO | epoch=37 train_loss=0.650961 train_acc=0.771644 val_loss=0.867410 val_acc=0.720600
2026-09-09 17:41:52,042 | INFO | epoch=38 train_loss=0.599623 train_acc=0.788978 val_loss=0.759322 val_acc=0.734000
2026-09-09 17:42:50,640 | INFO | epoch=39 train_loss=0.615437 train_acc=0.784578 val_loss=0.888576 val_acc=0.710600
2026-09-09 17:43:49,144 | INFO | epoch=40 train_loss=0.660071 train_acc=0.770133 val_loss=0.921778 val_acc=0.716000
2026-09-09 17:44:47,638 | INFO | epoch=41 train_loss=0.605544 train_acc=0.787044 val_loss=0.926086 val_acc=0.721400
2026-09-09 17:45:46,272 | INFO | epoch=42 train_loss=0.580441 train_acc=0.796800 val_loss=1.960566 val_acc=0.708400
2026-09-09 17:46:44,875 | INFO | epoch=43 train_loss=0.566037 train_acc=0.801000 val_loss=0.819221 val_acc=0.721200
2026-09-09 17:47:43,351 | INFO | epoch=44 train_loss=0.485740 train_acc=0.830378 val_loss=1.121124 val_acc=0.731200
2026-09-09 17:48:41,928 | INFO | epoch=45 train_loss=0.464065 train_acc=0.836111 val_loss=1.384373 val_acc=0.724800
2026-09-09 17:49:40,522 | INFO | epoch=46 train_loss=0.437920 train_acc=0.845156 val_loss=1.562432 val_acc=0.717200
2026-09-09 17:50:39,150 | INFO | epoch=47 train_loss=0.419121 train_acc=0.851267 val_loss=0.782204 val_acc=0.736800
2026-09-09 17:51:38,444 | INFO | epoch=48 train_loss=0.411435 train_acc=0.854711 val_loss=0.927607 val_acc=0.737400
2026-09-09 17:52:37,230 | INFO | epoch=49 train_loss=0.388519 train_acc=0.862200 val_loss=1.722333 val_acc=0.716400
2026-09-09 17:53:35,928 | INFO | epoch=50 train_loss=0.374034 train_acc=0.868378 val_loss=1.180161 val_acc=0.727400
2026-09-09 17:53:41,242 | INFO | Finished training: dataset=CIFAR10 model=efficientnet-b0 best_epoch=48 best_val_acc=0.737400 training_time=2949.9s total_time=2950.0s
2026-09-09 17:53:41,243 | INFO | Test results: accuracy=0.7345 precision_macro=0.0000 recall_macro=0.0000 f1_macro=0.0000
